Segment #1 Chi-Squared/N: 258.365
Segment #2 Chi-Squared/N: 125.318
Total Chi-Squared: 40970.7

